
 RUN  v2.1.9 C:/Users/stanc/github/simple-cli

stdout | tests/live/claw-demo.test.ts > Claw Mode Demo - File Organization
Γ£à Demo environment created at: C:\Users\stanc\github\simple-cli\demo_downloads

stdout | tests/live/claw-demo.test.ts > Claw Mode Demo - File Organization > should generate JIT agent and organize files in batches

≡ƒº¼ Starting Claw Mode Demo Phase 1...

stdout | tests/live/claw-demo.test.ts > Claw Mode Demo - File Organization > should generate JIT agent and organize files in batches
[36m≡ƒº¼ Initiating JIT Agent Generation...[39m

[2mIntent: "Every 5 minutes, scan my Downloads folder. Sort images (jpg, png) into /Photos, docs (pdf, docx) into /Documents, and installers (exe, msi) into /Trash. If you find a receipt, extract the total and log it to Expenses.csv before moving the file."[22m
[2mWorking Directory: C:\Users\stanc\github\simple-cli\demo_downloads[22m

≡ƒñû Using TypeLLM with model: gpt-4o-mini

[2m  Calling LLM for persona generation...[22m


stdout | tests/live/claw-demo.test.ts > Claw Mode Demo - File Organization > should generate JIT agent and organize files in batches
[DEBUG] TypeLLM Response: {"thought":"# AGENT.md\n\n## Persona Description\nThis agent is a digital file organizer specialized in managing downloads. It has expertise in file sorting, data extraction, and logging financial information. The agent efficiently categorizes files based on type and extracts relevant data from rece...

[2m  LLM response received.[22m

[32mΓ£à JIT Agent persona active: .simple\workdir\AGENT.md[39m

[32m
Γ£à JIT Agent soul ready. Starting autopilot loop...
[39m


 [46m[30m SIMPLE-CLI [39m[49m [2mv0.2.2[22m [32mΓùÅ[39m [36mC:\Users\stanc\github\simple-cli\demo_downloads[39m

[2mΓùï[22m Initializing...


stdout | tests/live/claw-demo.test.ts > Claw Mode Demo - File Organization > should generate JIT agent and organize files in batches
[32mΓùÅ[39m Ready.

≡ƒñû Using TypeLLM with model: gpt-4o-mini


[35mΓ₧ñ[39m [1mEvery 5 minutes, scan my Downloads folder. Sort images (jpg, png) into /Photos, docs (pdf, docx) into /Documents, and installers (exe, msi) into /Trash. If you find a receipt, extract the total and log it to Expenses.csv before moving the file.[22m


stdout | tests/live/claw-demo.test.ts > Claw Mode Demo - File Organization > should generate JIT agent and organize files in batches
[DEBUG] TypeLLM Response: {"thought":"Scheduling a task to scan the Downloads folder every 5 minutes for sorting files and extracting receipt data.","tool":"scheduler","args":{"command":"scan_and_sort_downloads","interval":"5m"},"message":""}...


[2m≡ƒÆ¡[22m [36mScheduling a task to scan the Downloads folder every 5 minutes for sorting files and extracting receipt data.[39m

[33mΓÜÖ[39m [2mExecuting scheduler...[22m

[32mΓ£ö[39m [2mError: [
  {
    "expected": "'create' | 'list' | 'delete'",
    "received": "undefined",
    "code": "invalid_type",
    "path": [
      "action"
    ],
    "message": "Required"
  },
  {
    "code": "invalid_type",
    "expected": "string",
    "received": "undefined",
    "path": [
      "taskName"
    ],
    "message": "Required"
  }
][22m


stdout | tests/live/claw-demo.test.ts > Claw Mode Demo - File Organization > should generate JIT agent and organize files in batches
[DEBUG] TypeLLM Response: {"thought":"Creating a scheduled task to scan and sort files in the Downloads folder every 5 minutes requires specifying the action and task name.","tool":"scheduler","args":{"action":"create","taskName":"scan_and_sort_downloads","command":"scan_and_sort_downloads","interval":"5m"},"message":""}...


[2m≡ƒÆ¡[22m [36mCreating a scheduled task to scan and sort files in the Downloads folder every 5 minutes requires specifying the action and task name.[39m

[33mΓÜÖ[39m [2mExecuting scheduler...[22m


node.exe : stderr | tests/live/claw-demo.test.ts > Claw Mode Demo - File Organization > should 
generate JIT agent and organize files in batches
At line:1 char:1
+ & "C:\Program Files\nodejs/node.exe" "C:\Program Files\nodejs/node_mo ...
+ ~~~~~~~~~~~~~~~~~~~~~~~~~~~~~~~~~~~~~~~~~~~~~~~~~~~~~~~~~~~~~~~~~~~~~
    + CategoryInfo          : NotSpecified: (stderr | tests/...iles in batches:String) [], Remo 
   teException
    + FullyQualifiedErrorId : NativeCommandError
 
ERROR: Invalid Schedule Type specified.
Type "SCHTASKS /CREATE /?" for usage.


stdout | tests/live/claw-demo.test.ts > Claw Mode Demo - File Organization > should generate JIT agent and organize files in batches
[32mΓ£ö[39m [2mFailed to create Windows task: ERROR: Invalid Schedule Type specified.
Type "SCHTASKS /CREATE /?" for usage.
[22m


stdout | tests/live/claw-demo.test.ts > Claw Mode Demo - File Organization > should generate JIT agent and organize files in batches
[DEBUG] TypeLLM Response: {"thought":"The scheduling command needs to be adjusted to use a valid schedule type for creating a task. I will set it to run every 5 minutes using the correct parameters.","tool":"scheduler","args":{"action":"create","taskName":"scan_and_sort_downloads","command":"scan_and_sort_downloads","schedul...


[2m≡ƒÆ¡[22m [36mThe scheduling command needs to be adjusted to use a valid schedule type for creating a task. I will set it to run every 5 minutes using the correct parameters.[39m

[33mΓÜÖ[39m [2mExecuting scheduler...[22m

[32mΓ£ö[39m [2mError: [
  {
    "code": "invalid_type",
    "expected": "string",
    "received": "number",
    "path": [
      "interval"
    ],
    "message": "Expected string, received number"
  }
][22m


stdout | tests/live/claw-demo.test.ts > Claw Mode Demo - File Organization > should generate JIT agent and organize files in batches
[DEBUG] TypeLLM Response: {"thought":"The interval for the scheduling command must be provided as a string. I'll correct that and try again.","tool":"scheduler","args":{"action":"create","taskName":"scan_and_sort_downloads","command":"scan_and_sort_downloads","scheduleType":"minute","interval":"5"},"message":""}...


[2m≡ƒÆ¡[22m [36mThe interval for the scheduling command must be provided as a string. I'll correct that and try again.[39m
[33mΓÜÖ[39m [2mExecuting scheduler...[22m


stdout | tests/live/claw-demo.test.ts > Claw Mode Demo - File Organization > should generate JIT agent and organize files in batches
[32mΓ£ö[39m [2mFailed to create Windows task: ERROR: Invalid Schedule Type specified.
Type "SCHTASKS /CREATE /?" for usage.
[22m


stderr | tests/live/claw-demo.test.ts > Claw Mode Demo - File Organization > should generate 
JIT agent and organize files in batches
ERROR: Invalid Schedule Type specified.
Type "SCHTASKS /CREATE /?" for usage.


stdout | tests/live/claw-demo.test.ts > Claw Mode Demo - File Organization > should generate JIT agent and organize files in batches
[DEBUG] TypeLLM Response: {"thought":"Failed to parse JSON response","tool":"none","args":{}}...


[2m≡ƒÆ¡[22m [36mFailed to parse JSON response[39m


[35mΓ£ª[39m {"thought":"Failed to parse JSON response","tool":"none","args":{}}

[2mΓöÇΓöÇΓöÇΓöÇΓöÇΓöÇΓöÇΓöÇΓöÇΓöÇΓöÇΓöÇΓöÇΓöÇΓöÇΓöÇΓöÇΓöÇΓöÇΓöÇΓöÇΓöÇΓöÇΓöÇΓöÇΓöÇΓöÇΓöÇΓöÇΓöÇΓöÇΓöÇΓöÇΓöÇΓöÇΓöÇΓöÇΓöÇΓöÇΓöÇΓöÇΓöÇΓöÇΓöÇΓöÇΓöÇΓöÇΓöÇΓöÇΓöÇΓöÇΓöÇΓöÇΓöÇΓöÇΓöÇΓöÇΓöÇΓöÇΓöÇ[22m

[36m≡ƒôè Execution Summary:[39m
[2m  Steps taken:[22m 4

[2m  Final status:[22m Task completed
[2m≡ƒºá Organizing memory...[22m


[32mΓ£à[39m Autonomous task completed.

[2mExiting autonomous mode...[22m


stdout | tests/live/claw-demo.test.ts > Claw Mode Demo - File Organization > should generate JIT agent and organize files in batches
Phase 1 Photos: []

≡ƒº¼ Phase 2: Adding more files...
≡ƒº¼ Running Claw Mode again...

stdout | tests/live/claw-demo.test.ts > Claw Mode Demo - File Organization > should generate JIT agent and organize files in batches
[36m≡ƒº¼ Initiating JIT Agent Generation...[39m

[2mIntent: "Every 5 minutes, scan my Downloads folder. Sort images (jpg, png) into /Photos, docs (pdf, docx) into /Documents, and installers (exe, msi) into /Trash. If you find a receipt, extract the total and log it to Expenses.csv before moving the file."[22m

[2mWorking Directory: C:\Users\stanc\github\simple-cli\demo_downloads[22m

≡ƒñû Using TypeLLM with model: gpt-4o-mini

[2m  Calling LLM for persona generation...[22m


stdout | tests/live/claw-demo.test.ts > Claw Mode Demo - File Organization > should generate JIT agent and organize files in batches
[DEBUG] TypeLLM Response: {"thought":"The agent is designed to efficiently manage and organize files in the Downloads folder based on their type, while also extracting financial data from receipts.","tool":"list_dir","args":{"path":"Downloads"},"message":""}...

[2m  LLM response received.[22m

[32mΓ£à JIT Agent persona active: .simple\workdir\AGENT.md[39m

[32m
Γ£à JIT Agent soul ready. Starting autopilot loop...
[39m


 [46m[30m SIMPLE-CLI [39m[49m [2mv0.2.2[22m [32mΓùÅ[39m [36mC:\Users\stanc\github\simple-cli\demo_downloads[39m

[2mΓùï[22m Initializing...


stdout | tests/live/claw-demo.test.ts > Claw Mode Demo - File Organization > should generate JIT agent and organize files in batches
[32mΓùÅ[39m Ready.

≡ƒñû Using TypeLLM with model: gpt-4o-mini


[35mΓ₧ñ[39m [1mEvery 5 minutes, scan my Downloads folder. Sort images (jpg, png) into /Photos, docs (pdf, docx) into /Documents, and installers (exe, msi) into /Trash. If you find a receipt, extract the total and log it to Expenses.csv before moving the file.[22m


stdout | tests/live/claw-demo.test.ts > Claw Mode Demo - File Organization > should generate JIT agent and organize files in batches
[DEBUG] TypeLLM Response: {"thought":"Setting up a scheduled task to scan the Downloads folder every 5 minutes, sort files into their respective directories, extract totals from receipts, and log them to Expenses.csv.","tool":"scheduler","args":{"command":"python scripts/sort_downloads.py","interval":300},"message":""}...


[2m≡ƒÆ¡[22m [36mSetting up a scheduled task to scan the Downloads folder every 5 minutes, sort files into their respective directories, extract totals from receipts, and log them to Expenses.csv.[39m

[33mΓÜÖ[39m [2mExecuting scheduler...[22m

[32mΓ£ö[39m [2mError: [
  {
    "expected": "'create' | 'list' | 'delete'",
    "received": "undefined",
    "code": "invalid_type",
    "path": [
      "action"
    ],
    "message": "Required"
  },
  {
    "code": "invalid_type",
    "expected": "string",
    "received": "undefined",
    "path": [
      "taskName"
    ],
    "message": "Required"
  },
  {
    "code": "invalid_type",
    "expected": "string",
    "received": "number",
    "path": [
      "interval"
    ],
    "message": "Expected string, rece...[22m


stdout | tests/live/claw-demo.test.ts > Claw Mode Demo - File Organization > should generate JIT agent and organize files in batches
[DEBUG] TypeLLM Response: {"thought":"Adjusting the scheduling command to include the required parameters: action, taskName, and interval as a string.","tool":"scheduler","args":{"action":"create","taskName":"Sort Downloads","command":"python scripts/sort_downloads.py","interval":"300"},"message":""}...

[2m≡ƒÆ¡[22m [36mAdjusting the scheduling command to include the required parameters: action, taskName, and interval as a string.[39m

[33mΓÜÖ[39m [2mExecuting scheduler...[22m


stdout | tests/live/claw-demo.test.ts > Claw Mode Demo - File Organization > should generate JIT agent and organize files in batches
[32mΓ£ö[39m [2mFailed to create Windows task: ERROR: Invalid Schedule Type specified.
Type "SCHTASKS /CREATE /?" for usage.
[22m


stderr | tests/live/claw-demo.test.ts > Claw Mode Demo - File Organization > should generate 
JIT agent and organize files in batches
ERROR: Invalid Schedule Type specified.
Type "SCHTASKS /CREATE /?" for usage.


stdout | tests/live/claw-demo.test.ts > Claw Mode Demo - File Organization > should generate JIT agent and organize files in batches
[DEBUG] TypeLLM Response: {"thought":"Failed to parse JSON response","tool":"none","args":{}}...


[2m≡ƒÆ¡[22m [36mFailed to parse JSON response[39m

[35mΓ£ª[39m {"thought":"Failed to parse JSON response","tool":"none","args":{}}

[2mΓöÇΓöÇΓöÇΓöÇΓöÇΓöÇΓöÇΓöÇΓöÇΓöÇΓöÇΓöÇΓöÇΓöÇΓöÇΓöÇΓöÇΓöÇΓöÇΓöÇΓöÇΓöÇΓöÇΓöÇΓöÇΓöÇΓöÇΓöÇΓöÇΓöÇΓöÇΓöÇΓöÇΓöÇΓöÇΓöÇΓöÇΓöÇΓöÇΓöÇΓöÇΓöÇΓöÇΓöÇΓöÇΓöÇΓöÇΓöÇΓöÇΓöÇΓöÇΓöÇΓöÇΓöÇΓöÇΓöÇΓöÇΓöÇΓöÇΓöÇ[22m
[36m≡ƒôè Execution Summary:[39m
[2m  Steps taken:[22m 2
[2m  Final status:[22m Task completed
[2m≡ƒºá Organizing memory...[22m


[32mΓ£à[39m Autonomous task completed.


stdout | tests/live/claw-demo.test.ts > Claw Mode Demo - File Organization > should generate JIT agent and organize files in batches
[2mExiting autonomous mode...[22m


stdout | tests/live/claw-demo.test.ts > Claw Mode Demo - File Organization > should generate JIT agent and organize files in batches
Phase 2 Photos: []

≡ƒÆ░ Final Expenses Log:
 Date,Amount,Description


stdout | tests/live/claw-demo.test.ts > Claw Mode Demo - File Organization
≡ƒº╣ Demo environment cleaned up

 Γ¥» tests/live/claw-demo.test.ts (1 test | 1 failed) 48297ms
   ├ù Claw Mode Demo - File Organization > should generate JIT agent and organize files in batches 48290ms
     ΓåÆ expected 0 to be greater than 0

ΓÄ»ΓÄ»ΓÄ»ΓÄ»ΓÄ»ΓÄ»ΓÄ» Failed Tests 1 ΓÄ»ΓÄ»ΓÄ»ΓÄ»ΓÄ»ΓÄ»ΓÄ»

 FAIL  tests/live/claw-demo.test.ts > Claw Mode Demo - File Organization > should generate JIT 
agent and organize files in batches
AssertionError: expected 0 to be greater than 0
 Γ¥» tests/live/claw-demo.test.ts:109:32
    107|         console.log('\n≡ƒÆ░ Final Expenses Log:\n', expensesContent);
    108| 
    109|         expect(photos2.length).toBeGreaterThan(photos1.length);
       |                                ^
    110|         expect(expensesContent).toContain('12.50');
    111|         expect(expensesContent).toContain('45.00');

ΓÄ»ΓÄ»ΓÄ»ΓÄ»ΓÄ»ΓÄ»ΓÄ»ΓÄ»ΓÄ»ΓÄ»ΓÄ»ΓÄ»ΓÄ»ΓÄ»ΓÄ»ΓÄ»ΓÄ»ΓÄ»ΓÄ»ΓÄ»ΓÄ»ΓÄ»ΓÄ»ΓÄ»[1/1]ΓÄ»

 Test Files  1 failed (1)
      Tests  1 failed (1)
   Start at  16:15:21
   Duration  48.63s (transform 35ms, setup 19ms, collect 23ms, tests 48.30s, environment 0ms, prepare 98ms)

